// Jest Snapshot v1, https://goo.gl/fbAQLP

exports[`StateRouter Render initial State 1`] = `<ExamplePage />`;
