// Jest Snapshot v1, https://goo.gl/fbAQLP

exports[`ExamplePage Render 1`] = `
<div>
  <div
    className="basket-header"
  >
    <h1>
      Example Page
    </h1>
  </div>
  <div
    className="basket-grid"
  >
    <Memo(wrappedComponent) />
  </div>
</div>
`;
